<?xml version="1.0" encoding="utf-8"?><testsuites name="pytest tests"><testsuite name="pytest" errors="0" failures="0" skipped="0" tests="0" time="0.036" timestamp="2025-08-14T10:09:32.389476+00:00" hostname="pkrvmsl9tci6h6u" /></testsuites>